// Jest Snapshot v1, https://goo.gl/fbAQLP

exports[`FilmDetail component renders FilmDetail 1`] = `
<DocumentFragment>
  <div>
    <h1>
      A New Hope
    </h1>
    <h3>
      Release date: 1977-05-25
    </h3>
    <h3>
      Producer: Gary Kurtz, Rick McCallum
    </h3>
    <h3>
      Director: George Lucas
    </h3>
    <h3>
      Characters: 
      <a
        href="/char-detail/1/"
      >
        <p>
          https://swapi.dev/api/people/1/
        </p>
      </a>
      <a
        href="/char-detail/2/"
      >
        <p>
          https://swapi.dev/api/people/2/
        </p>
      </a>
      <a
        href="/char-detail/3/"
      >
        <p>
          https://swapi.dev/api/people/3/
        </p>
      </a>
      <a
        href="/char-detail/4/"
      >
        <p>
          https://swapi.dev/api/people/4/
        </p>
      </a>
      <a
        href="/char-detail/5/"
      >
        <p>
          https://swapi.dev/api/people/5/
        </p>
      </a>
    </h3>
    <h3>
      Planets: 
      <a
        href="/planet-detail/1/"
      >
        <p>
          https://swapi.dev/api/planets/1/
        </p>
      </a>
      <a
        href="/planet-detail/2/"
      >
        <p>
          https://swapi.dev/api/planets/2/
        </p>
      </a>
      <a
        href="/planet-detail/3/"
      >
        <p>
          https://swapi.dev/api/planets/3/
        </p>
      </a>
    </h3>
    <h3>
      Species: 
      <a
        href="/species-detail/1/"
      >
        <p>
          https://swapi.dev/api/species/1/
        </p>
      </a>
      <a
        href="/species-detail/2/"
      >
        <p>
          https://swapi.dev/api/species/2/
        </p>
      </a>
      <a
        href="/species-detail/3/"
      >
        <p>
          https://swapi.dev/api/species/3/
        </p>
      </a>
      <a
        href="/species-detail/4/"
      >
        <p>
          https://swapi.dev/api/species/4/
        </p>
      </a>
      <a
        href="/species-detail/5/"
      >
        <p>
          https://swapi.dev/api/species/5/
        </p>
      </a>
    </h3>
    <h3>
      Starships: 
      <a
        href="/ship-detail/2/"
      >
        <p>
          https://swapi.dev/api/starships/2/
        </p>
      </a>
      <a
        href="/ship-detail/3/"
      >
        <p>
          https://swapi.dev/api/starships/3/
        </p>
      </a>
      <a
        href="/ship-detail/5/"
      >
        <p>
          https://swapi.dev/api/starships/5/
        </p>
      </a>
    </h3>
    <h3>
      Vehicles: 
      <a
        href="/vehicle-detail/4/"
      >
        <p>
          https://swapi.dev/api/vehicles/4/
        </p>
      </a>
      <a
        href="/vehicle-detail/6/"
      >
        <p>
          https://swapi.dev/api/vehicles/6/
        </p>
      </a>
      <a
        href="/vehicle-detail/7/"
      >
        <p>
          https://swapi.dev/api/vehicles/7/
        </p>
      </a>
      <a
        href="/vehicle-detail/8/"
      >
        <p>
          https://swapi.dev/api/vehicles/8/
        </p>
      </a>
    </h3>
  </div>
</DocumentFragment>
`;
