// Jest Snapshot v1, https://goo.gl/fbAQLP

exports[`Film component renders Film 1`] = `
<DocumentFragment>
  <h2>
    A New Hope
  </h2>
</DocumentFragment>
`;
