// Jest Snapshot v1, https://goo.gl/fbAQLP

exports[`Species component renders Species 1`] = `
<DocumentFragment>
  <h1>
    Human
  </h1>
</DocumentFragment>
`;
