// Jest Snapshot v1, https://goo.gl/fbAQLP

exports[`Character component renders Character 1`] = `
<DocumentFragment>
  <div>
    <h2>
      <a
        href="/detail/1/"
      >
        Luke Skywalker
      </a>
    </h2>
  </div>
</DocumentFragment>
`;
