// Jest Snapshot v1, https://goo.gl/fbAQLP

exports[`Planet component renders Planet 1`] = `
<DocumentFragment>
  <h1>
    Tatooine
  </h1>
  <h4>
    desert
  </h4>
</DocumentFragment>
`;
