// Jest Snapshot v1, https://goo.gl/fbAQLP

exports[`SpeciesList component renders SpeciesList 1`] = `
<DocumentFragment>
  <ul>
    <li>
      <h1>
        Human
      </h1>
    </li>
    <li>
      <h1>
        Human 2
      </h1>
    </li>
  </ul>
</DocumentFragment>
`;
